2026/07/08 00:13:07 ERRO failed to witness target target=http://43.250.142.36:2095 err="page load error net::ERR_CONNECTION_REFUSED"
2026/07/08 00:13:08 ERRO failed to witness target target=http://autoconfig.becoolrefrigeratedcouriers.com.au:80 err="page load error net::ERR_CONNECTION_REFUSED"
2026/07/08 00:13:09 ERRO failed to witness target target=http://43.250.142.36:2079 err="page load error net::ERR_INVALID_AUTH_CREDENTIALS"
2026/07/08 00:13:10 ERRO failed to witness target target=http://autoconfig.becoolrefrigeratedcouriers.com.au:2077 err="page load error net::ERR_INVALID_AUTH_CREDENTIALS"
2026/07/08 00:13:10 ERRO failed to witness target target=http://autoconfig.becoolrefrigeratedcouriers.com.au:2082 err="page load error net::ERR_CONNECTION_REFUSED"
2026/07/08 00:13:10 ERRO failed to witness target target=http://autoconfig.becoolrefrigeratedcouriers.com.au:2095 err="page load error net::ERR_CONNECTION_REFUSED"
2026/07/08 00:13:10 ERRO failed to witness target target=http://autoconfig.becoolrefrigeratedcouriers.com.au:2079 err="page load error net::ERR_INVALID_AUTH_CREDENTIALS"
2026/07/08 00:13:11 ERRO failed to witness target target=http://autodiscover.becoolrefrigeratedcouriers.com.au:80 err="page load error net::ERR_CONNECTION_REFUSED"
2026/07/08 00:13:15 ERRO failed to witness target target=http://autodiscover.becoolrefrigeratedcouriers.com.au:443 err="page load error net::ERR_CONNECTION_REFUSED"
2026/07/08 00:13:15 ERRO failed to witness target target=http://43.250.142.36:2077 err="page load error net::ERR_INVALID_AUTH_CREDENTIALS"
2026/07/08 00:13:16 ERRO failed to witness target target=http://autodiscover.becoolrefrigeratedcouriers.com.au:2079 err="page load error net::ERR_INVALID_AUTH_CREDENTIALS"
2026/07/08 00:13:17 ERRO failed to witness target target=http://autodiscover.becoolrefrigeratedcouriers.com.au:2082 err="page load error net::ERR_CONNECTION_REFUSED"
2026/07/08 00:13:17 ERRO failed to witness target target=http://autodiscover.becoolrefrigeratedcouriers.com.au:2083 err="page load error net::ERR_CONNECTION_REFUSED"
2026/07/08 00:13:17 ERRO failed to witness target target=http://autodiscover.becoolrefrigeratedcouriers.com.au:2077 err="page load error net::ERR_INVALID_AUTH_CREDENTIALS"
2026/07/08 00:13:24 ERRO failed to witness target target=http://autodiscover.becoolrefrigeratedcouriers.com.au:2095 err="page load error net::ERR_CONNECTION_REFUSED"
2026/07/08 00:13:28 ERRO failed to witness target target=http://becoolrefrigeratedcouriers.com.au:80 err="page load error net::ERR_CONNECTION_REFUSED"
2026/07/08 00:13:29 ERRO failed to witness target target=http://becoolrefrigeratedcouriers.com.au:443 err="page load error net::ERR_CONNECTION_REFUSED"
2026/07/08 00:13:31 ERRO failed to witness target target=http://becoolrefrigeratedcouriers.com.au:2077 err="page load error net::ERR_INVALID_AUTH_CREDENTIALS"
2026/07/08 00:13:33 ERRO failed to witness target target=http://becoolrefrigeratedcouriers.com.au:2079 err="page load error net::ERR_INVALID_AUTH_CREDENTIALS"
2026/07/08 00:13:33 ERRO failed to witness target target=http://autodiscover.becoolrefrigeratedcouriers.com.au:2096 err="page load error net::ERR_CONNECTION_REFUSED"
2026/07/08 00:13:33 ERRO failed to witness target target=http://becoolrefrigeratedcouriers.com.au:2082 err="page load error net::ERR_CONNECTION_REFUSED"
2026/07/08 00:13:39 ERRO failed to witness target target=http://43.250.142.36:2083 err="page load error net::ERR_CONNECTION_REFUSED"
2026/07/08 00:13:49 ERRO failed to witness target target=http://becoolrefrigeratedcouriers.com.au:2095 err="page load error net::ERR_CONNECTION_REFUSED"
2026/07/08 00:13:50 ERRO failed to witness target target=http://cpanel.becoolrefrigeratedcouriers.com.au:80 err="page load error net::ERR_CONNECTION_REFUSED"
2026/07/08 00:13:50 ERRO failed to witness target target=http://cpanel.becoolrefrigeratedcouriers.com.au:443 err="page load error net::ERR_CONNECTION_REFUSED"
2026/07/08 00:13:51 ERRO failed to witness target target=http://cpanel.becoolrefrigeratedcouriers.com.au:2077 err="page load error net::ERR_INVALID_AUTH_CREDENTIALS"
2026/07/08 00:13:53 ERRO failed to witness target target=http://cpanel.becoolrefrigeratedcouriers.com.au:2079 err="page load error net::ERR_INVALID_AUTH_CREDENTIALS"
2026/07/08 00:13:54 ERRO failed to witness target target=http://cpanel.becoolrefrigeratedcouriers.com.au:2082 err="page load error net::ERR_CONNECTION_REFUSED"
2026/07/08 00:13:55 ERRO failed to witness target target=http://becoolrefrigeratedcouriers.com.au:2096 err="page load error net::ERR_CONNECTION_REFUSED"
2026/07/08 00:13:55 ERRO failed to witness target target=http://cpanel.becoolrefrigeratedcouriers.com.au:2095 err="page load error net::ERR_CONNECTION_REFUSED"
2026/07/08 00:13:57 ERRO failed to witness target target=http://cpanel.becoolrefrigeratedcouriers.com.au:2096 err="page load error net::ERR_CONNECTION_REFUSED"
2026/07/08 00:13:58 ERRO failed to witness target target=http://cpcalendars.becoolrefrigeratedcouriers.com.au:80 err="page load error net::ERR_CONNECTION_REFUSED"
2026/07/08 00:13:59 ERRO failed to witness target target=http://cpcalendars.becoolrefrigeratedcouriers.com.au:443 err="page load error net::ERR_CONNECTION_REFUSED"
2026/07/08 00:14:01 ERRO failed to witness target target=http://cpcalendars.becoolrefrigeratedcouriers.com.au:2077 err="page load error net::ERR_INVALID_AUTH_CREDENTIALS"
2026/07/08 00:14:02 ERRO failed to witness target target=http://cpcalendars.becoolrefrigeratedcouriers.com.au:2079 err="page load error net::ERR_INVALID_AUTH_CREDENTIALS"
2026/07/08 00:14:02 ERRO failed to witness target target=http://cpcalendars.becoolrefrigeratedcouriers.com.au:2082 err="page load error net::ERR_CONNECTION_REFUSED"
2026/07/08 00:14:05 ERRO failed to witness target target=http://becoolrefrigeratedcouriers.com.au:2083 err="page load error net::ERR_CONNECTION_REFUSED"
2026/07/08 00:14:05 ERRO failed to witness target target=http://cpcalendars.becoolrefrigeratedcouriers.com.au:2095 err="page load error net::ERR_CONNECTION_REFUSED"
2026/07/08 00:14:07 ERRO could not grab screenshot target=http://43.250.142.36:2096 err="screenshot not captured"
2026/07/08 00:14:07 ERRO could not grab screenshot target=http://43.250.142.36:443 err="screenshot not captured"
2026/07/08 00:14:07 ERRO could not grab screenshot target=http://autoconfig.becoolrefrigeratedcouriers.com.au:443 err="screenshot not captured"
2026/07/08 00:14:07 ERRO could not grab screenshot target=http://43.250.142.36:80 err="screenshot not captured"
2026/07/08 00:14:07 ERRO could not grab screenshot target=http://43.250.142.36:2082 err="screenshot not captured"
2026/07/08 00:14:07 ERRO failed to witness target, status code was 0 target=http://43.250.142.36:443
2026/07/08 00:14:07 ERRO failed to witness target, status code was 0 target=http://43.250.142.36:2096
2026/07/08 00:14:07 ERRO failed to witness target, status code was 0 target=http://43.250.142.36:2082
2026/07/08 00:14:07 ERRO failed to witness target, status code was 0 target=http://autoconfig.becoolrefrigeratedcouriers.com.au:443
2026/07/08 00:14:07 ERRO failed to witness target, status code was 0 target=http://43.250.142.36:80
2026/07/08 00:14:08 ERRO failed to witness target target=http://cpcontacts.becoolrefrigeratedcouriers.com.au:80 err="page load error net::ERR_CONNECTION_REFUSED"
2026/07/08 00:14:08 ERRO failed to witness target target=http://cpcontacts.becoolrefrigeratedcouriers.com.au:2077 err="page load error net::ERR_INVALID_AUTH_CREDENTIALS"
2026/07/08 00:14:09 ERRO failed to witness target target=http://cpcontacts.becoolrefrigeratedcouriers.com.au:2079 err="page load error net::ERR_INVALID_AUTH_CREDENTIALS"
2026/07/08 00:14:10 ERRO could not grab screenshot target=http://autoconfig.becoolrefrigeratedcouriers.com.au:2083 err="screenshot not captured"
2026/07/08 00:14:10 ERRO failed to witness target, status code was 0 target=http://autoconfig.becoolrefrigeratedcouriers.com.au:2083
2026/07/08 00:14:10 ERRO could not grab screenshot target=http://autoconfig.becoolrefrigeratedcouriers.com.au:2096 err="screenshot not captured"
2026/07/08 00:14:10 ERRO failed to witness target, status code was 0 target=http://autoconfig.becoolrefrigeratedcouriers.com.au:2096
2026/07/08 00:14:11 ERRO failed to witness target target=http://cpcontacts.becoolrefrigeratedcouriers.com.au:2083 err="page load error net::ERR_CONNECTION_REFUSED"
2026/07/08 00:14:13 ERRO failed to witness target target=http://ftp.becoolrefrigeratedcouriers.com.au:2077 err="page load error net::ERR_INVALID_AUTH_CREDENTIALS"
2026/07/08 00:14:14 ERRO failed to witness target target=http://ftp.becoolrefrigeratedcouriers.com.au:2079 err="page load error net::ERR_INVALID_AUTH_CREDENTIALS"
2026/07/08 00:14:14 ERRO failed to witness target target=http://ftp.becoolrefrigeratedcouriers.com.au:2082 err="page load error net::ERR_CONNECTION_REFUSED"
2026/07/08 00:14:15 ERRO failed to witness target target=http://cpcontacts.becoolrefrigeratedcouriers.com.au:443 err="page load error net::ERR_CONNECTION_REFUSED"
2026/07/08 00:14:16 ERRO failed to witness target target=http://cpcontacts.becoolrefrigeratedcouriers.com.au:2095 err="page load error net::ERR_CONNECTION_REFUSED"
2026/07/08 00:14:17 ERRO failed to witness target target=http://cpcontacts.becoolrefrigeratedcouriers.com.au:2096 err="page load error net::ERR_CONNECTION_REFUSED"
2026/07/08 00:14:17 ERRO failed to witness target target=http://ftp.becoolrefrigeratedcouriers.com.au:80 err="page load error net::ERR_CONNECTION_REFUSED"
2026/07/08 00:14:19 ERRO failed to witness target target=http://new.becoolrefrigeratedcouriers.com.au:443 err="page load error net::ERR_CONNECTION_REFUSED"
2026/07/08 00:14:20 ERRO failed to witness target target=http://new.becoolrefrigeratedcouriers.com.au:2095 err="page load error net::ERR_CONNECTION_REFUSED"
2026/07/08 00:14:25 ERRO failed to witness target target=http://staging.becoolrefrigeratedcouriers.com.au:80 err="page load error net::ERR_CONNECTION_REFUSED"
2026/07/08 00:14:25 ERRO failed to witness target target=http://staging.becoolrefrigeratedcouriers.com.au:443 err="page load error net::ERR_CONNECTION_REFUSED"
2026/07/08 00:14:26 ERRO failed to witness target target=http://staging.becoolrefrigeratedcouriers.com.au:2082 err="page load error net::ERR_CONNECTION_REFUSED"
2026/07/08 00:14:27 ERRO failed to witness target target=http://test.becoolrefrigeratedcouriers.com.au:2083 err="page load error net::ERR_CONNECTION_REFUSED"
2026/07/08 00:14:30 ERRO failed to witness target target=http://www.staging.becoolrefrigeratedcouriers.com.au:2079 err="page load error net::ERR_INVALID_AUTH_CREDENTIALS"
2026/07/08 00:14:32 ERRO failed to witness target target=http://www.test.becoolrefrigeratedcouriers.com.au:2077 err="page load error net::ERR_INVALID_AUTH_CREDENTIALS"
2026/07/08 00:14:32 ERRO failed to witness target target=https://43.250.142.36:80 err="page load error net::ERR_CONNECTION_REFUSED"
2026/07/08 00:14:37 ERRO failed to witness target target=http://new.becoolrefrigeratedcouriers.com.au:80 err="page load error net::ERR_CONNECTION_REFUSED"
2026/07/08 00:14:37 ERRO failed to witness target target=https://autoconfig.becoolrefrigeratedcouriers.com.au:80 err="page load error net::ERR_CONNECTION_REFUSED"
2026/07/08 00:14:41 ERRO failed to witness target target=https://autoconfig.becoolrefrigeratedcouriers.com.au:443 err="page load error net::ERR_CONNECTION_REFUSED"
2026/07/08 00:14:42 ERRO failed to witness target target=https://autodiscover.becoolrefrigeratedcouriers.com.au:80 err="page load error net::ERR_CONNECTION_REFUSED"
2026/07/08 00:14:43 ERRO failed to witness target target=https://autodiscover.becoolrefrigeratedcouriers.com.au:443 err="page load error net::ERR_CONNECTION_REFUSED"
2026/07/08 00:14:43 ERRO failed to witness target target=https://becoolrefrigeratedcouriers.com.au:80 err="page load error net::ERR_CONNECTION_REFUSED"
2026/07/08 00:14:47 ERRO failed to witness target target=https://becoolrefrigeratedcouriers.com.au:443 err="page load error net::ERR_CONNECTION_REFUSED"
2026/07/08 00:14:48 ERRO failed to witness target target=https://cpanel.becoolrefrigeratedcouriers.com.au:80 err="page load error net::ERR_CONNECTION_REFUSED"
2026/07/08 00:14:49 ERRO failed to witness target target=https://cpanel.becoolrefrigeratedcouriers.com.au:443 err="page load error net::ERR_CONNECTION_REFUSED"
2026/07/08 00:14:50 ERRO failed to witness target target=https://cpcalendars.becoolrefrigeratedcouriers.com.au:80 err="page load error net::ERR_CONNECTION_REFUSED"
2026/07/08 00:14:51 ERRO failed to witness target target=https://cpcalendars.becoolrefrigeratedcouriers.com.au:443 err="page load error net::ERR_CONNECTION_REFUSED"
2026/07/08 00:14:52 ERRO failed to witness target target=https://cpcontacts.becoolrefrigeratedcouriers.com.au:80 err="page load error net::ERR_CONNECTION_REFUSED"
2026/07/08 00:14:54 ERRO could not grab screenshot target=http://cpanel.becoolrefrigeratedcouriers.com.au:2083 err="screenshot not captured"
2026/07/08 00:14:54 ERRO failed to witness target, status code was 0 target=http://cpanel.becoolrefrigeratedcouriers.com.au:2083
2026/07/08 00:14:55 ERRO failed to witness target target=https://ftp.becoolrefrigeratedcouriers.com.au:80 err="page load error net::ERR_CONNECTION_REFUSED"
2026/07/08 00:14:57 ERRO failed to witness target target=https://ftp.becoolrefrigeratedcouriers.com.au:443 err="page load error net::ERR_CONNECTION_REFUSED"
2026/07/08 00:15:00 ERRO failed to witness target target=https://webdisk.becoolrefrigeratedcouriers.com.au:80 err="page load error net::ERR_CONNECTION_REFUSED"
2026/07/08 00:15:01 ERRO failed to witness target target=https://webdisk.becoolrefrigeratedcouriers.com.au:443 err="page load error net::ERR_CONNECTION_REFUSED"
2026/07/08 00:15:01 ERRO failed to witness target target=https://www.test.becoolrefrigeratedcouriers.com.au:80 err="page load error net::ERR_CONNECTION_REFUSED"
2026/07/08 00:15:02 ERRO could not grab screenshot target=http://cpcalendars.becoolrefrigeratedcouriers.com.au:2083 err="screenshot not captured"
2026/07/08 00:15:02 ERRO failed to witness target, status code was 0 target=http://cpcalendars.becoolrefrigeratedcouriers.com.au:2083
2026/07/08 00:15:05 ERRO failed to witness target target=https://www.test.becoolrefrigeratedcouriers.com.au:443 err="page load error net::ERR_CONNECTION_REFUSED"
2026/07/08 00:15:05 ERRO could not grab screenshot target=http://cpcalendars.becoolrefrigeratedcouriers.com.au:2096 err="screenshot not captured"
2026/07/08 00:15:05 ERRO failed to witness target, status code was 0 target=http://cpcalendars.becoolrefrigeratedcouriers.com.au:2096
2026/07/08 00:15:07 ERRO could not grab screenshot target=http://cpcontacts.becoolrefrigeratedcouriers.com.au:2082 err="screenshot not captured"
2026/07/08 00:15:07 ERRO failed to witness target, status code was 0 target=http://cpcontacts.becoolrefrigeratedcouriers.com.au:2082
2026/07/08 00:15:10 ERRO could not grab screenshot target=http://ftp.becoolrefrigeratedcouriers.com.au:443 err="screenshot not captured"
2026/07/08 00:15:10 ERRO failed to witness target, status code was 0 target=http://ftp.becoolrefrigeratedcouriers.com.au:443
2026/07/08 00:15:14 ERRO could not grab screenshot target=http://ftp.becoolrefrigeratedcouriers.com.au:2083 err="screenshot not captured"
2026/07/08 00:15:14 ERRO failed to witness target, status code was 0 target=http://ftp.becoolrefrigeratedcouriers.com.au:2083
2026/07/08 00:15:15 ERRO could not grab screenshot target=http://ftp.becoolrefrigeratedcouriers.com.au:2095 err="screenshot not captured"
2026/07/08 00:15:15 ERRO failed to witness target, status code was 0 target=http://ftp.becoolrefrigeratedcouriers.com.au:2095
2026/07/08 00:15:16 ERRO could not grab screenshot target=http://ftp.becoolrefrigeratedcouriers.com.au:2096 err="screenshot not captured"
2026/07/08 00:15:16 ERRO failed to witness target, status code was 0 target=http://ftp.becoolrefrigeratedcouriers.com.au:2096
2026/07/08 00:15:32 ERRO could not grab screenshot target=https://43.250.142.36:443 err="screenshot not captured"
2026/07/08 00:15:32 ERRO failed to witness target, status code was 0 target=https://43.250.142.36:443
2026/07/08 00:15:52 ERRO could not grab screenshot target=https://cpcontacts.becoolrefrigeratedcouriers.com.au:443 err="screenshot not captured"
2026/07/08 00:15:52 ERRO failed to witness target, status code was 0 target=https://cpcontacts.becoolrefrigeratedcouriers.com.au:443
